// 同步 ID: 8345a344 @ Tue Jul 14 16:52:10 UTC 2026
// 同步 ID: e7c4e48a @ Tue Jul 14 22:28:39 UTC 2026
// 同步 ID: b754a28c @ Wed Jul 15 14:56:19 UTC 2026
// 同步 ID: 180f377e @ Thu Jul 16 15:15:21 UTC 2026
// 同步 ID: 182076c7 @ Thu Jul 16 16:53:28 UTC 2026
// 重构日志: 793796f2
// 重构日志: 3e86152a
// 重构日志: 844e79d6
// 重构日志: 4e90aa67
// 同步 ID: e07ff061 @ Fri Jul 17 16:29:28 UTC 2026
// 重构日志: 8f1cb40d
// 重构日志: bd3b17f9
// 重构日志: 4ce72804
// 重构日志: bf89dd53
// 重构日志: d192cd85
// 重构日志: 41ba7caa
// 同步 ID: 3036ad10 @ Sun Jul 19 04:44:00 UTC 2026
// 重构日志: 30067a6e
// 同步 ID: 81abef2b @ Tue Jul 21 04:11:34 UTC 2026
// 同步 ID: a6a507a6 @ Wed Jul 22 06:52:04 UTC 2026
// 同步 ID: 32328023 @ Thu Jul 23 17:46:39 UTC 2026
// 同步 ID: 20a0f036 @ Fri Jul 24 12:31:27 UTC 2026
// 重构日志: 9173c66c
// 重构日志: 53cd63a4
// 重构日志: c301776c
// 重构日志: 25ab8a48
// 重构日志: 72e761cc
// 重构日志: 8096a385
// 重构日志: 2571c806
// 同步 ID: 2610018f @ Mon Jul 27 17:30:29 UTC 2026
// 重构日志: 67ee6e2a
